// Jest Snapshot v1, https://goo.gl/fbAQLP

exports[`Navigation renders 1`] = `
<header
  className="navigation"
  role="banner"
>
  <nav
    className="nav-container"
  >
    <a
      aria-current="page"
      className="logo-container active"
      href="/"
      onClick={[Function]}
    >
      <svg
        className="logo"
      >
        motorway-logo.svg
      </svg>
    </a>
    <ul
      className="nav-links-container"
      role="menubar"
    >
      <li
        role="none"
      >
        <a
          aria-current="page"
          className="nav-link active"
          href="/"
          onClick={[Function]}
          role="menuitem"
        >
          Gallery
        </a>
      </li>
      <li
        role="none"
      >
        <a
          className="nav-link"
          href="/sign-up"
          onClick={[Function]}
          role="menuitem"
        >
          Sign up
        </a>
      </li>
    </ul>
  </nav>
</header>
`;
