// Jest Snapshot v1, https://goo.gl/fbAQLP

exports[`renders 1`] = `
<div
  className="image-gallery-container"
>
  <div
    className="image-gallery-heading"
  >
    <h1>
      Photo gallery
    </h1>
    <p>
      Some of our clients have shared some of their amazing photographic work with us here at Motorway! This is truly inspirational!
    </p>
  </div>
  <div
    className="image-gallery-wrapper"
  >
    <ul
      aria-label="Pagination"
      className="pagination"
      role="navigation"
    >
      <li
        className="page-item disabled"
      >
        <a
          aria-disabled="true"
          aria-label="Previous page"
          className="page-link "
          onClick={[Function]}
          onKeyPress={[Function]}
          rel="prev"
          role="button"
          tabIndex="-1"
        >
          &lt;
        </a>
      </li>
      <li
        className="page-item"
      >
        <a
          aria-disabled="false"
          aria-label="Next page"
          className="page-link"
          onClick={[Function]}
          onKeyPress={[Function]}
          rel="next"
          role="button"
          tabIndex="0"
        >
          &gt;
        </a>
      </li>
    </ul>
  </div>
</div>
`;
